// Jest Snapshot v1, https://goo.gl/fbAQLP

exports[`Test Meter Component renders correctly and matches the snapshot 1`] = `
<DocumentFragment>
  <div
    class="sc-be255123-0 eNFJiN"
  >
    <label
      for="someID"
    >
      Some Label
    </label>
    <meter
      class="sc-be255123-1 fObXhw"
      id="someID"
      max="100"
      min="0"
      value="50"
    />
  </div>
</DocumentFragment>
`;
